tempest corpus check: 30 impure functions x 20 replays
  STABLE   httpfns.fetch_user_name('__LOOPBACK__',)
  STABLE   httpfns.check_health('__LOOPBACK__',)
  STABLE   httpfns.fetch_with_user_agent('__LOOPBACK__',)
  STABLE   httpfns.paginate_two_pages('__LOOPBACK__',)
  STABLE   httpfns.download_size('__LOOPBACK__',)
  STABLE   httpfns.fetch_primary_or_fallback('__LOOPBACK__', True)
  STABLE   httpfns.count_config_lines('__LOOPBACK__',)
  STABLE   httpfns.retry_on_404('__LOOPBACK__',)
  STABLE   httpfns.double_read_same_endpoint('__LOOPBACK__',)
  STABLE   httpfns.query_echo('__LOOPBACK__', 'storm')
  STABLE   fsfns.read_config_key('data/config.json', 'name')
  STABLE   fsfns.count_lines('data/notes.txt',)
  STABLE   fsfns.read_optional_dotfile('data/missing.rc', 'fallback')
  STABLE   fsfns.extension_histogram('data',)
  STABLE   fsfns.magic_bytes('data/blob.bin',)
  STABLE   fsfns.write_report('report.txt', 'four score and seven')
  STABLE   fsfns.append_audit_line('audit.log', 'user logged in')
  STABLE   fsfns.copy_text_file('data/notes.txt', 'notes-copy.txt')
  STABLE   fsfns.env_or_file_setting('TEMPEST_UNSET_SETTING', 'data/setting.txt')
  STABLE   fsfns.checksum_file('data/config.json',)
  STABLE   timerandfns.session_token(16,)
  STABLE   timerandfns.request_id()
  STABLE   timerandfns.jittered_delay(0.5,)
  STABLE   timerandfns.pick_variant(['control', 'blue', 'green'],)
  STABLE   timerandfns.shuffled_copy([1, 2, 3, 4, 5, 6],)
  STABLE   timerandfns.cache_key_epoch()
  STABLE   timerandfns.log_timestamp()
  STABLE   timerandfns.monotonic_pair_ordered()
  STABLE   timerandfns.roll_dice(5,)
  STABLE   timerandfns.expiry_deadline(3600,)

30/30 stable across 20 consecutive replays
FLAKE-HUNT-EXIT=0
